<?xml version="1.0" encoding="UTF-8"?>
<testsuite name="Agentic IaC Tests" tests="1" failures="0" errors="0" time="0.001">
  <testcase classname="demo.Test" name="testAnalysis" time="0.001">
  </testcase>
</testsuite>
